before
in first for
in second for
1
in second for
2
in second for
3
in second for
4
in second for
5
in second for
6
in second for
7
in second for
8
in second for
9
in second for
10
in first for
in second for
1
in second for
2
in second for
3
in second for
4
in second for
5
in second for
6
in second for
7
in second for
8
in second for
9
in second for
10
